  Type 'undefined' is not assignable to type 'boolean'.
